{
  "package": "org.softlang.behavior",
  "imports": [],
  "fragments": [
    {
      "classifier": "class",
      "name": "Cut",
      "fragments": [
        {
          "classifier": "method",
          "name": "cut",
          "annotations": [],
          "startLine": 5,
          "endLine": 8
        }
      ],
      "annotations": [],
      "startLine": 3,
      "endLine": 9
    }
  ]
}
